2026-09-08 19:30:24,404 | INFO | phipml.cli.train_test | Preparing the training cohort
2026-09-08 19:30:24,430 | INFO | phipml.classification.train_test_utils | Training prevalence filter: 84 -> 84 features
2026-09-08 19:30:24,430 | INFO | phipml.cli.train_test | Final training data: samples=160, features=84
2026-09-08 19:30:24,431 | INFO | phipml.classification.helpers | Peptide features: 80
2026-09-08 19:30:24,431 | INFO | phipml.classification.helpers | Additional features: ['Sex', 'Smoking', 'Age', 'BMI']
/workspace/scratch/c93a153da023/phipml-env/lib/python3.12/site-packages/sklearn/feature_selection/_base.py:116: UserWarning: No features were selected: either the data is too noisy or the selection test too strict.
  warnings.warn(
/workspace/scratch/c93a153da023/phipml-env/lib/python3.12/site-packages/sklearn/feature_selection/_base.py:116: UserWarning: No features were selected: either the data is too noisy or the selection test too strict.
  warnings.warn(
/workspace/scratch/c93a153da023/phipml-env/lib/python3.12/site-packages/sklearn/feature_selection/_base.py:116: UserWarning: No features were selected: either the data is too noisy or the selection test too strict.
  warnings.warn(
/workspace/scratch/c93a153da023/phipml-env/lib/python3.12/site-packages/sklearn/feature_selection/_base.py:116: UserWarning: No features were selected: either the data is too noisy or the selection test too strict.
  warnings.warn(
/workspace/scratch/c93a153da023/phipml-env/lib/python3.12/site-packages/sklearn/feature_selection/_base.py:116: UserWarning: No features were selected: either the data is too noisy or the selection test too strict.
  warnings.warn(
/workspace/scratch/c93a153da023/phipml-env/lib/python3.12/site-packages/sklearn/feature_selection/_base.py:116: UserWarning: No features were selected: either the data is too noisy or the selection test too strict.
  warnings.warn(
/workspace/scratch/c93a153da023/phipml-env/lib/python3.12/site-packages/sklearn/feature_selection/_base.py:116: UserWarning: No features were selected: either the data is too noisy or the selection test too strict.
  warnings.warn(
/workspace/scratch/c93a153da023/phipml-env/lib/python3.12/site-packages/sklearn/feature_selection/_base.py:116: UserWarning: No features were selected: either the data is too noisy or the selection test too strict.
  warnings.warn(
/workspace/scratch/c93a153da023/phipml-env/lib/python3.12/site-packages/sklearn/feature_selection/_base.py:116: UserWarning: No features were selected: either the data is too noisy or the selection test too strict.
  warnings.warn(
/workspace/scratch/c93a153da023/phipml-env/lib/python3.12/site-packages/sklearn/feature_selection/_base.py:116: UserWarning: No features were selected: either the data is too noisy or the selection test too strict.
  warnings.warn(
2026-09-08 19:30:54,530 | INFO | phipml.classification.helpers | Mean ROC-AUC across folds: 0.911 ± 0.038
2026-09-08 19:30:54,530 | INFO | phipml.classification.helpers | Mean Average Precision (AP) across folds: 0.915 ± 0.044
2026-09-08 19:30:54,530 | INFO | phipml.classification.helpers | Out-of-fold classification metrics at threshold 0.50: accuracy=0.825, balanced_accuracy=0.825, precision=0.810, recall/sensitivity=0.850, specificity=0.800, F1=0.829, MCC=0.651
2026-09-08 19:30:54,530 | INFO | phipml.classification.helpers | Out-of-fold classification metrics confusion matrix: TN=64, FP=16, FN=12, TP=68
2026-09-08 19:30:54,530 | INFO | phipml.classification.helpers | Outer-fold classification variability: accuracy=0.825 ± 0.030, F1=0.828 ± 0.040, MCC=0.655 ± 0.062
2026-09-08 19:30:54,687 | INFO | phipml.cli.train_test | Saved /workspace/scratch/c93a153da023/phipml-tutorial-932f14f/results/random-forest/03_noisy_tuned/nested_random-forest_03_noisy_tuned_420.joblib
2026-09-08 19:30:54,687 | INFO | phipml.cli.train_test | Nested CV completed in 30.25 seconds
2026-09-08 19:31:04,530 | INFO | phipml.cli.train_test | Full-cohort model ready in 9.84 seconds
2026-09-08 19:31:04,590 | INFO | phipml.cli.train_test | Saved /workspace/scratch/c93a153da023/phipml-tutorial-932f14f/results/random-forest/03_noisy_tuned/training_random-forest_03_noisy_tuned_420.joblib
